// Jest Snapshot v1, https://goo.gl/fbAQLP

exports[`App should match snapshot 1`] = `
<Form
  as="form"
  onSubmit={[Function]}
>
  <FormGroup
    widths="equal"
  >
    <FormInput
      as={[Function]}
      control={[Function]}
      fluid={true}
      name="firstname"
      onChange={[Function]}
      placeholder="First name"
      value=""
    />
    <FormInput
      as={[Function]}
      control={[Function]}
      fluid={true}
      name="lastname"
      onChange={[Function]}
      placeholder="Last name"
      value=""
    />
  </FormGroup>
  <FormField>
    <input
      id="email"
      name="email"
      onChange={[Function]}
      placeholder="Email"
      value=""
    />
  </FormField>
  <FormField>
    <input
      name="phone"
      onChange={[Function]}
      placeholder="Phone"
    />
  </FormField>
  <FormField>
    <FormInput
      as={[Function]}
      control={[Function]}
      fluid={true}
      name="password"
      onChange={[Function]}
      placeholder="Password"
      type="password"
    />
  </FormField>
  <Button
    as="button"
    onClick={[Function]}
    type="submit"
  >
    Submit
  </Button>
</Form>
`;
