// Jest Snapshot v1, https://goo.gl/fbAQLP

exports[`App should match snapshot 1`] = `
<form
  onSubmit={[Function]}
>
  <div
    className="form-input"
  >
    <Input
      className="name-input"
      handleChange={[Function]}
      name="firstname"
      placeholder="First name"
      type="text"
      value=""
    />
    <Input
      className="name-input"
      handleChange={[Function]}
      name="lastname"
      placeholder="Last name"
      type="text"
      value=""
    />
  </div>
  <Input
    className="email-input"
    handleChange={[Function]}
    name="email"
    placeholder="email"
    type="text"
    value=""
  />
  <Input
    className="email-input"
    handleChange={[Function]}
    name="phone"
    placeholder="phone"
    type="phone"
    value=""
  />
  <div
    className="form-input password-input"
  >
    <Input
      className="name-input"
      handleChange={[Function]}
      name="password"
      placeholder="password"
      type="password"
      value=""
    />
    <Input
      className="name-input"
      handleChange={[Function]}
      name="password2"
      placeholder="repeat password"
      type="password"
      value=""
    />
  </div>
  <Button
    className=""
    classes=""
    name="Submit"
    onClick={[Function]}
    type="submit"
  />
</form>
`;
