// Jest Snapshot v1, https://goo.gl/fbAQLP

exports[`App should match snapshot 1`] = `
<div
  className="navbar"
>
  <div
    className="container"
  >
    <div
      className="nav"
    >
      <div
        className="brand-name"
      >
        <Link
          replace={false}
        >
          FastFoodFast.com
        </Link>
      </div>
      <div
        className="navlinks"
      />
    </div>
  </div>
</div>
`;
