// Jest Snapshot v1, https://goo.gl/fbAQLP

exports[`App should match snapshot 1`] = `
<div
  className="home"
>
  <Navbar
    path="/"
  >
    <li
      className="link"
    >
      <Link
        replace={false}
        to="#order"
      >
        how to order
      </Link>
    </li>
    <li
      className="link"
    >
      <Link
        replace={false}
        to="#"
      >
        Catalog
      </Link>
    </li>
    <li
      className="link--btn"
    >
      <button
        className="button"
        type="button"
      >
        SIGNIN / SIGNUP
      </button>
    </li>
  </Navbar>
  <Banner />
  <TopOrderContainer />
</div>
`;
