// Jest Snapshot v1, https://goo.gl/fbAQLP

exports[`App should match snapshot 1`] = `
<div
  className="home"
>
  <Navbar
    path="/"
  >
    <li
      className="link"
    >
      <a
        href="#order"
      >
        how to order
      </a>
    </li>
    <li
      className="link"
    >
      <Link
        replace={false}
        to=""
      >
        Catalog
      </Link>
    </li>
    <li
      className="link--btn"
    >
      <Button
        className="button"
        classes=""
        handleClick={[Function]}
        name="LOGIN"
      />
    </li>
  </Navbar>
  <Banner />
  <TopOrderContainer />
  <HowToOrderContainer />
  <HomePageReview />
  <Footer />
</div>
`;
